
> starter_helpi@0.1.0 test
> react-scripts test --coverage

FAIL src/App.test.tsx
  ✕ renders learn react link (49 ms)

  ● renders learn react link

    TestingLibraryElementError: Unable to find an element with the text: /learn react/i. This could be because the text is broken up by multiple elements. In this case, you can provide a function for your text matcher to make your matcher more flexible.

    Ignored nodes: comments, script, style
    [36m<body>[39m
      [36m<div>[39m
        [36m<div[39m
          [33mclass[39m=[32m"App"[39m
        [36m>[39m
          [36m<header[39m
            [33mclass[39m=[32m"Header"[39m
          [36m>[39m
            [36m<h1[39m
              [33mclass[39m=[32m""[39m
            [36m>[39m
              [0mCareer Genie[0m
            [36m</h1>[39m
            [36m<img[39m
              [33malt[39m=[32m"genie"[39m
              [33mclass[39m=[32m"genie-image"[39m
              [33msrc[39m=[32m"pikmin.png"[39m
            [36m/>[39m
            [36m<nav[39m
              [33mclass[39m=[32m"NavBar"[39m
            [36m>[39m
              [36m<ul>[39m
                [36m<li>[39m
                  [0mMain Page[0m
                [36m</li>[39m
                [36m<li>[39m
                  [0mBasic Quiz[0m
                [36m</li>[39m
                [36m<li>[39m
                  [0mDetailed Quiz[0m
                [36m</li>[39m
              [36m</ul>[39m
            [36m</nav>[39m
          [36m</header>[39m
          [36m<div[39m
            [33mclass[39m=[32m"page-renderer"[39m
          [36m>[39m
            [36m<div[39m
              [33mclass[39m=[32m"HomePage"[39m
            [36m>[39m
              [36m<div[39m
                [33mclass[39m=[32m"intro"[39m
              [36m>[39m
                [36m<div>[39m
                  [36m<h1>[39m
                    [0mDo YOU Know what field you'll go into?[0m
                  [36m</h1>[39m
                  [36m<p>[39m
                    [0mA quarter of high school graduates still have no idea what career they'd like to have post-graduation. But don't worry: you're in good hands. Meet the Career Genie: a helpful purple spirit tasked with figuring out what makes you tick. With Career Genie, discovering your ideal career path isn't just a quiz—it's an adventure tailored uniquely to you. Our intuitive platform leverages the latest in AI technology to provide you the insights that illuminate your true calling. Take one of our personalized quizzes to narrow down your interests, and maybe find the future career that's right for you![0m
                  [36m</p>[39m
                [36m</div>[39m
              [36m</div>[39m
              [36m<div[39m
                [33mclass[39m=[32m"quiz-wrapper"[39m
              [36m>[39m
                [36m<div[39m
                  [33mclass[39m=[32m"quiz-card"[39m
                [36m>[39m
                  [36m<div>[39m
                    [36m<h2>[39m
                      [0mBasic Quiz[0m
                    [36m</h2>[39m
                    [36m<h3>[39m
                      [0mEstimated: 5 minutes[0m
                    [36m</h3>[39m
                    [36m<button[39m
                      [33mclass[39m=[32m"larger"[39m
                    [36m>[39m
                      [0mClick me![0m
                    [36m</button>[39m
                  [36m</div>[39m
                  [36m<p>[39m
                    [0mA short, basic, multiple choice quiz catered towards those who already have an idea of what they want to do.[0m
                  [36m</p>[39m
                [36m</div>[39m
                [36m<div[39m
                  [33mclass[39m=[32m"quiz-card"[39m
                [36m>[39m
                  [36m<div>[39m
                    [36m<h2>[39m
                      [0mDetailed Quiz[0m
                    [36m</h2>[39m
                    [36m<h3>[39m
                      [0mEstimated: 15 minutes[0m
                    [36m</h3>[39m
                    [36m<button[39m
                      [33mclass[39m=[32m"larger"[39m
                    [36m>[39m
                      [0mClick me![0m
                    [36m</button>[39m
                  [36m</div>[39m
                  [36m<p>[39m
                    [0mLong, detailed, open ended quiz catered towards those who want a thorough list of possible career options.[0m
                  [36m</p>[39m
                [36m</div>[39m
              [36m</div>[39m
              [36m<button>[39m
                [0mGo to results page[0m
              [36m</button>[39m
            [36m</div>[39m
          [36m</div>[39m
          [36m<footer[39m
            [33mclass[39m=[32m"Footer"[39m
          [36m>[39m
            [36m<div>[39m
              [36m<p>[39m
                [0mCareer Genie™ All Rights Reserved[0m
              [36m</p>[39m
            [36m</div>[39m
            [36m<div>[39m
              [36m<p>[39m
                [36m<a[39m
                  [33mhref[39m=[32m"www.google.com"[39m
                [36m>[39m
                  [0mContact us here[0m
                [36m</a>[39m
              [36m</p>[39m
            [36m</div>[39m
            [36m<div>[39m
              [0mRoger Cronin, Charmaine Pasicolan, Matthew Nadar[0m
            [36m</div>[39m
            [36m<div>[39m
              [36m<form[39m
                [33mclass[39m=[32m""[39m
              [36m>[39m
                [36m<input[39m
                  [33mclass[39m=[32m"form-control"[39m
                  [33mplaceholder[39m=[32m"API Key"[39m
                  [33mtype[39m=[32m"password"[39m
                [36m/>[39m
                [36m<button[39m
                  [33mclass[39m=[32m"submit-api-key btn btn-primary"[39m
                  [33mtype[39m=[32m"button"[39m
                [36m>[39m
                  [0mApply[0m
                [36m</button>[39m
              [36m</form>[39m
            [36m</div>[39m
          [36m</footer>[39m
        [36m</div>[39m
      [36m</div>[39m
    [36m</body>[39m

       5 | test('renders learn react link', () => {
       6 |   render(<App />);
    >  7 |   const linkElement = screen.getByText(/learn react/i);
         |                              ^
       8 |   expect(linkElement).toBeInTheDocument();
       9 | });
      10 |

      at Object.getElementError (node_modules/@testing-library/react/node_modules/@testing-library/dom/dist/config.js:37:19)
      at node_modules/@testing-library/react/node_modules/@testing-library/dom/dist/query-helpers.js:76:38
      at node_modules/@testing-library/react/node_modules/@testing-library/dom/dist/query-helpers.js:52:17
      at getByText (node_modules/@testing-library/react/node_modules/@testing-library/dom/dist/query-helpers.js:95:19)
      at Object.<anonymous> (src/App.test.tsx:7:30)
      at TestScheduler.scheduleTests (node_modules/@jest/core/build/TestScheduler.js:333:13)
      at runJest (node_modules/@jest/core/build/runJest.js:404:19)
      at _run10000 (node_modules/@jest/core/build/cli/index.js:320:7)
      at runCLI (node_modules/@jest/core/build/cli/index.js:173:3)

[0;33mOne of your dependencies, babel-preset-react-app, is importing the
"@babel/plugin-proposal-private-property-in-object" package without
declaring it in its dependencies. This is currently working because
"@babel/plugin-proposal-private-property-in-object" is already in your
node_modules folder for unrelated reasons, but it [1mmay break at any time[0;33m.

babel-preset-react-app is part of the create-react-app project, [1mwhich
is not maintianed anymore[0;33m. It is thus unlikely that this bug will
ever be fixed. Add "@babel/plugin-proposal-private-property-in-object" to
your devDependencies to work around this error. This will make this message
go away.[0m
  
----------------------------|---------|----------|---------|---------|-------------------
File                        | % Stmts | % Branch | % Funcs | % Lines | Uncovered Line #s 
----------------------------|---------|----------|---------|---------|-------------------
All files                   |   12.67 |     2.94 |    5.63 |   13.36 |                   
 src                        |   41.66 |    16.66 |      25 |   41.66 |                   
  App.tsx                   |   76.92 |       50 |      50 |   76.92 | 17,31-32          
  index.tsx                 |       0 |      100 |     100 |       0 | 6-17              
  reportWebVitals.ts        |       0 |        0 |       0 |       0 | 3-10              
 src/components             |    23.8 |       10 |       8 |   24.39 |                   
  CareerDisplay.tsx         |       0 |      100 |       0 |       0 | 11                
  Footer.tsx                |      50 |      100 |      50 |      50 | 14                
  Header.tsx                |   15.38 |     12.5 |   16.66 |   16.66 | 17-23,30-39       
  LoadingAnimation.tsx      |       0 |      100 |       0 |       0 | 5                 
  MultipleChoiceInput.tsx   |       0 |      100 |       0 |       0 | 11-24             
  PieChart.tsx              |       0 |        0 |       0 |       0 |                   
  ProgressBar.tsx           |      25 |      100 |       0 |      25 | 10-13             
  Question.tsx              |      60 |      100 |       0 |      60 | 55-56             
  QuestionButtons.tsx       |      50 |      100 |       0 |      50 | 15                
  ReviewAnswersBasic.tsx    |      20 |        0 |       0 |      20 | 14-27             
  ReviewAnswersDetailed.tsx |      20 |      100 |       0 |      20 | 14-26             
  TextInput.tsx             |       0 |      100 |       0 |       0 | 11                
 src/pages                  |    4.76 |        0 |    2.38 |     5.1 |                   
  BasicQuestionsPage.tsx    |       0 |        0 |       0 |       0 | 20-54             
  DetailedQuestionsPage.tsx |       0 |        0 |       0 |       0 | 18-41             
  HomePage.tsx              |    12.5 |      100 |   16.66 |    12.5 | 12-18,40-57       
  ResultsPage.tsx           |    6.06 |        0 |       0 |    6.38 | 193-421           
----------------------------|---------|----------|---------|---------|-------------------
Test Suites: 1 failed, 1 total
Tests:       1 failed, 1 total
Snapshots:   0 total
Time:        3.373 s
Ran all test suites.
